{
  "$schema": "http://json-schema.org/draft-07/schema#",
  "title": "U256",
  "type": "string",
  "pattern": "(\\d+)|(0x[0-9a-fA-F]+)"
}